// Jest Snapshot v1, https://goo.gl/fbAQLP

exports[`Header/ThemeSwitchButton component ThemeSwitchButton snapshot 1`] = `
<div>
  <button
    class="body theme_light body theme_light"
  />
</div>
`;
