// Jest Snapshot v1, https://goo.gl/fbAQLP

exports[`Header/User component Header/User snapshot 1`] = `
<div>
  <div
    class="UserPanel"
  >
    <button
      class="Button theme_light"
    >
      Войти
    </button>
  </div>
</div>
`;
