// Jest Snapshot v1, https://goo.gl/fbAQLP

exports[`Header/ThemeSwitchButton component ThemeSwitchButton snapshot 1`] = `
<div>
  <button
    class="Button body theme_light theme_light"
  />
</div>
`;
