// Jest Snapshot v1, https://goo.gl/fbAQLP

exports[`QuestionnaireGallery/ViewSwitchButton component ViewSwitchButton snapshot 1`] = `
<div>
  <button
    class="Button ViewSwitchButton rows theme_light theme_light"
  />
</div>
`;
